// Jest Snapshot v1, https://goo.gl/fbAQLP

exports[`PatronLoans tests should load the ItemsSearch component 1`] = `
<Segment
  className="patron-items"
>
  <Header
    as="h3"
  >
    Items
  </Header>
  <HeaderSubheader>
    Search items by barcode.
  </HeaderSubheader>
  <Container
    className="search-bar"
  >
    <Input
      action={
        Object {
          "content": "Search",
          "onClick": [Function],
        }
      }
      fluid={true}
      focus={true}
      onChange={[Function]}
      onKeyPress={[Function]}
      onPaste={[Function]}
      placeholder="Search by barcode..."
      type="text"
      value=""
    />
  </Container>
  <Grid
    className="items-search-container"
    columns={1}
    relaxed={true}
    stackable={true}
  >
    <GridColumn
      width={16}
    >
      <Loader>
        <Error>
          <Segment
            placeholder={true}
            textAlign="center"
          >
            <Header
              icon={true}
            >
              <Icon
                as="i"
                name="search"
              />
              Found no items matching this barcode.
            </Header>
            <div
              className="empty-results-current"
            >
              Current search phrase "
              "
            </div>
            <SegmentInline>
              <Button
                as="button"
                onClick={[Function]}
                primary={true}
              >
                Clear query
              </Button>
            </SegmentInline>
          </Segment>
        </Error>
      </Loader>
    </GridColumn>
  </Grid>
</Segment>
`;

exports[`PatronLoans tests should render items in search 1`] = `
<ItemsSearch
  checkoutItem={[MockFunction]}
  clearResults={[MockFunction]}
  fetchItems={[MockFunction]}
  fetchUpdatedCurrentLoans={[MockFunction]}
  items={
    Object {
      "hits": Array [
        Object {
          "created": "2018-01-01T10:05:00.000Z",
          "id": "1",
          "item_pid": "item1",
          "metadata": Object {
            "barcode": "44444",
            "circulation_status": Object {},
            "document_pid": "doc1",
            "internal_location": Object {
              "location": Object {
                "name": "Somewhere",
              },
            },
            "item_pid": "item1",
            "medium": "book",
            "shelf": "P",
            "status": "CAN_CIRCULATE",
          },
          "updated": "2018-01-01T10:05:00.000Z",
        },
      ],
      "total": 1,
    }
  }
  patron={2}
  queryString=""
  updateQueryString={[MockFunction]}
>
  <Segment
    className="patron-items"
  >
    <div
      className="ui segment patron-items"
    >
      <Header
        as="h3"
      >
        <h3
          className="ui header"
        >
          Items
        </h3>
      </Header>
      <HeaderSubheader>
        <div
          className="sub header"
        >
          Search items by barcode.
        </div>
      </HeaderSubheader>
      <Container
        className="search-bar"
      >
        <div
          className="ui container search-bar"
        >
          <Input
            action={
              Object {
                "content": "Search",
                "onClick": [Function],
              }
            }
            fluid={true}
            focus={true}
            onChange={[Function]}
            onKeyPress={[Function]}
            onPaste={[Function]}
            placeholder="Search by barcode..."
            type="text"
            value=""
          >
            <div
              className="ui fluid focus action input"
              onPaste={[Function]}
            >
              <input
                onChange={[Function]}
                onKeyPress={[Function]}
                placeholder="Search by barcode..."
                type="text"
                value=""
              />
              <Button
                as="button"
                content="Search"
                onClick={[Function]}
              >
                <button
                  className="ui button"
                  onClick={[Function]}
                >
                  Search
                </button>
              </Button>
            </div>
          </Input>
        </div>
      </Container>
      <Grid
        className="items-search-container"
        columns={1}
        relaxed={true}
        stackable={true}
      >
        <div
          className="ui stackable relaxed one column grid items-search-container"
        >
          <GridColumn
            width={16}
          >
            <div
              className="sixteen wide column"
            >
              <Loader>
                <Error>
                  <div
                    className="results-list"
                  >
                    <p>
                      Found 
                      1
                       item(s).
                    </p>
                    <ResultsList
                      checkoutItem={[MockFunction]}
                      clearResults={[MockFunction]}
                      fetchPatronCurrentLoans={[MockFunction]}
                      patron={2}
                      results={
                        Object {
                          "hits": Array [
                            Object {
                              "created": "2018-01-01T10:05:00.000Z",
                              "id": "1",
                              "item_pid": "item1",
                              "metadata": Object {
                                "barcode": "44444",
                                "circulation_status": Object {},
                                "document_pid": "doc1",
                                "internal_location": Object {
                                  "location": Object {
                                    "name": "Somewhere",
                                  },
                                },
                                "item_pid": "item1",
                                "medium": "book",
                                "shelf": "P",
                                "status": "CAN_CIRCULATE",
                              },
                              "updated": "2018-01-01T10:05:00.000Z",
                            },
                          ],
                          "total": 1,
                        }
                      }
                      viewDetailsClickHandler={[Function]}
                    >
                      <ResultsTable
                        actionClickHandler={[Function]}
                        fixed={false}
                        headerActionClickHandler={null}
                        headerActionComponent={null}
                        name="items"
                        renderSegment={true}
                        rowActionClickHandler={null}
                        rows={
                          Array [
                            Object {
                              "Actions": <Button
                                as="button"
                                content="Checkout"
                                onClick={[Function]}
                              />,
                              "Circulation status": undefined,
                              "ID": "item1",
                              "Medium": "book",
                              "Status": "CAN_CIRCULATE",
                            },
                          ]
                        }
                        seeAllComponent={null}
                        showMaxRows={10}
                        singleLine={false}
                        subtitle=""
                        title=""
                      >
                        <Segment>
                          <div
                            className="ui segment"
                          >
                            <Grid>
                              <div
                                className="ui grid"
                              >
                                <GridRow>
                                  <div
                                    className="row"
                                  >
                                    <GridColumn
                                      verticalAlign="middle"
                                      width={13}
                                    >
                                      <div
                                        className="middle aligned thirteen wide column"
                                      />
                                    </GridColumn>
                                    <GridColumn
                                      textAlign="right"
                                      width={3}
                                    >
                                      <div
                                        className="right aligned three wide column"
                                      />
                                    </GridColumn>
                                  </div>
                                </GridRow>
                              </div>
                            </Grid>
                            <Table
                              as="table"
                              selectable={true}
                              striped={true}
                            >
                              <table
                                className="ui selectable striped table"
                              >
                                <ResultsTableHeader
                                  columns={
                                    Array [
                                      "ID",
                                      "Status",
                                      "Medium",
                                      "Circulation status",
                                      "Actions",
                                    ]
                                  }
                                  withRowAction={false}
                                >
                                  <TableHeader
                                    as="thead"
                                  >
                                    <thead
                                      className=""
                                    >
                                      <TableRow
                                        as="tr"
                                        cellAs="td"
                                        data-test="header"
                                      >
                                        <tr
                                          className=""
                                          data-test="header"
                                        >
                                          <TableHeaderCell
                                            as="th"
                                            collapsing={true}
                                            width={1}
                                          >
                                            <TableCell
                                              as="th"
                                              className=""
                                              collapsing={true}
                                              width={1}
                                            >
                                              <th
                                                className="collapsing one wide"
                                              />
                                            </TableCell>
                                          </TableHeaderCell>
                                          <TableHeaderCell
                                            as="th"
                                            key="ID"
                                            width={2}
                                          >
                                            <TableCell
                                              as="th"
                                              className=""
                                              width={2}
                                            >
                                              <th
                                                className="two wide"
                                              >
                                                ID
                                              </th>
                                            </TableCell>
                                          </TableHeaderCell>
                                          <TableHeaderCell
                                            as="th"
                                            key="Status"
                                          >
                                            <TableCell
                                              as="th"
                                              className=""
                                            >
                                              <th
                                                className=""
                                              >
                                                Status
                                              </th>
                                            </TableCell>
                                          </TableHeaderCell>
                                          <TableHeaderCell
                                            as="th"
                                            key="Medium"
                                          >
                                            <TableCell
                                              as="th"
                                              className=""
                                            >
                                              <th
                                                className=""
                                              >
                                                Medium
                                              </th>
                                            </TableCell>
                                          </TableHeaderCell>
                                          <TableHeaderCell
                                            as="th"
                                            key="Circulation status"
                                          >
                                            <TableCell
                                              as="th"
                                              className=""
                                            >
                                              <th
                                                className=""
                                              >
                                                Circulation status
                                              </th>
                                            </TableCell>
                                          </TableHeaderCell>
                                          <TableHeaderCell
                                            as="th"
                                            key="Actions"
                                          >
                                            <TableCell
                                              as="th"
                                              className=""
                                            >
                                              <th
                                                className=""
                                              >
                                                Actions
                                              </th>
                                            </TableCell>
                                          </TableHeaderCell>
                                        </tr>
                                      </TableRow>
                                    </thead>
                                  </TableHeader>
                                </ResultsTableHeader>
                                <ResultsTableBody
                                  columns={
                                    Array [
                                      "ID",
                                      "Status",
                                      "Medium",
                                      "Circulation status",
                                      "Actions",
                                    ]
                                  }
                                  rowActionClickHandler={null}
                                  rows={
                                    Array [
                                      Object {
                                        "Actions": <Button
                                          as="button"
                                          content="Checkout"
                                          onClick={[Function]}
                                        />,
                                        "Circulation status": undefined,
                                        "ID": "item1",
                                        "Medium": "book",
                                        "Status": "CAN_CIRCULATE",
                                      },
                                    ]
                                  }
                                >
                                  <TableBody
                                    as="tbody"
                                  >
                                    <tbody
                                      className=""
                                    >
                                      <TableRow
                                        as="tr"
                                        cellAs="td"
                                        data-test="item1"
                                        key="item1"
                                      >
                                        <tr
                                          className=""
                                          data-test="item1"
                                        >
                                          <TableCell
                                            as="td"
                                            textAlign="center"
                                          >
                                            <td
                                              className="center aligned"
                                            />
                                          </TableCell>
                                          <TableCell
                                            as="td"
                                            data-test="ID-item1"
                                            key="0-item1"
                                          >
                                            <td
                                              className=""
                                              data-test="ID-item1"
                                            >
                                              item1
                                            </td>
                                          </TableCell>
                                          <TableCell
                                            as="td"
                                            data-test="Status-item1"
                                            key="1-item1"
                                          >
                                            <td
                                              className=""
                                              data-test="Status-item1"
                                            >
                                              CAN_CIRCULATE
                                            </td>
                                          </TableCell>
                                          <TableCell
                                            as="td"
                                            data-test="Medium-item1"
                                            key="2-item1"
                                          >
                                            <td
                                              className=""
                                              data-test="Medium-item1"
                                            >
                                              book
                                            </td>
                                          </TableCell>
                                          <TableCell
                                            as="td"
                                            data-test="Circulation status-item1"
                                            key="3-item1"
                                          >
                                            <td
                                              className=""
                                              data-test="Circulation status-item1"
                                            >
                                              -
                                            </td>
                                          </TableCell>
                                          <TableCell
                                            as="td"
                                            data-test="Actions-item1"
                                            key="4-item1"
                                          >
                                            <td
                                              className=""
                                              data-test="Actions-item1"
                                            >
                                              <Button
                                                as="button"
                                                content="Checkout"
                                                onClick={[Function]}
                                              >
                                                <button
                                                  className="ui button"
                                                  onClick={[Function]}
                                                >
                                                  Checkout
                                                </button>
                                              </Button>
                                            </td>
                                          </TableCell>
                                        </tr>
                                      </TableRow>
                                    </tbody>
                                  </TableBody>
                                </ResultsTableBody>
                                <ResultsTableFooter
                                  allRowsNumber={1}
                                  columnsNumber={5}
                                  seeAllComponent={null}
                                  showMaxRows={10}
                                />
                              </table>
                            </Table>
                          </div>
                        </Segment>
                      </ResultsTable>
                    </ResultsList>
                  </div>
                </Error>
              </Loader>
            </div>
          </GridColumn>
        </div>
      </Grid>
    </div>
  </Segment>
</ItemsSearch>
`;
