// Jest Snapshot v1, https://goo.gl/fbAQLP

exports[`Extend loan button tests should match snapshot 1`] = `
<ExtendButton
  extendLoan={[Function]}
  loan={
    Object {
      "availableActions": Object {
        "extend": "url/extend",
      },
      "metadata": Object {
        "document_pid": "docid-1",
        "end_date": "2018-07-28",
        "extension_count": 0,
        "item_pid": Object {},
        "patron": Object {
          "email": "patron1@test.ch",
        },
        "patron_pid": "1",
        "pickup_location_pid": "1",
        "pid": "loanid-1",
        "request_expire_date": "2019-06-28",
        "request_start_date": "2018-06-28",
        "start_date": "2018-06-28",
        "state": "PENDING",
        "transaction_date": "2018-06-29",
        "transaction_location_pid": "1",
      },
    }
  }
  onExtendSuccess={[Function]}
  user={
    Object {
      "id": "1",
    }
  }
>
  <Button
    as="button"
    color="purple"
    content="extend loan"
    disabled={false}
    onClick={[Function]}
    size="mini"
  >
    <Ref
      innerRef={
        Object {
          "current": <button
            class="ui purple mini button"
          >
            extend loan
          </button>,
        }
      }
    >
      <RefFindNode
        innerRef={
          Object {
            "current": <button
              class="ui purple mini button"
            >
              extend loan
            </button>,
          }
        }
      >
        <button
          className="ui purple mini button"
          onClick={[Function]}
        >
          extend loan
        </button>
      </RefFindNode>
    </Ref>
  </Button>
</ExtendButton>
`;
