// Jest Snapshot v1, https://goo.gl/fbAQLP

exports[`RelatedRecords tests should load the RelatedRecords component 1`] = `
<Loader>
  <Error>
    <Tab
      grid={
        Object {
          "paneWidth": 12,
          "tabWidth": 4,
        }
      }
      menu={
        Object {
          "activeIndex": undefined,
          "pointing": true,
          "secondary": true,
        }
      }
      panes={
        Array [
          Object {
            "menuItem": Object {
              "content": <React.Fragment>
                Language
                 
                <Label />
              </React.Fragment>,
              "icon": "translate",
              "key": "language",
            },
            "render": [Function],
          },
          Object {
            "menuItem": Object {
              "content": <React.Fragment>
                Edition
                 
                <Label />
              </React.Fragment>,
              "icon": "book",
              "key": "edition",
            },
            "render": [Function],
          },
          Object {
            "menuItem": Object {
              "content": <React.Fragment>
                Other
                 
                <Label />
              </React.Fragment>,
              "icon": null,
              "key": "other",
            },
            "render": [Function],
          },
          Object {
            "menuItem": <React.Fragment>
              <Modal
                centered={true}
                closeOnDimmerClick={true}
                closeOnDocumentClick={false}
                content="Select related documents/series and their type of relation."
                dimmer={true}
                eventPool="Modal"
                initialSelections={Array []}
                multiple={true}
                onRemoveSelection={[Function]}
                onSave={[Function]}
                selectorComponent={[Function]}
                size="small"
                title="Select Related"
                trigger={
                  <Container>
                    <Button
                      as="button"
                      color="blue"
                      content="Manage related"
                    />
                  </Container>
                }
              />
            </React.Fragment>,
          },
        ]
      }
      renderActiveOnly={true}
    />
  </Error>
</Loader>
`;
