// Jest Snapshot v1, https://goo.gl/fbAQLP

exports[`DocumentsSearch tests should load the DocumentsSearch component 1`] = `
<Fragment>
  <ReactSearchKit
    appName="RSK"
    defaultSortByOnEmptyQuery={null}
    eventListenerEnabled={false}
    history={
      Object {
        "action": "POP",
        "block": [Function],
        "createHref": [Function],
        "go": [Function],
        "goBack": [Function],
        "goForward": [Function],
        "length": 1,
        "listen": [Function],
        "location": Object {
          "hash": "",
          "pathname": "/",
          "search": "",
          "state": undefined,
        },
        "push": [Function],
        "replace": [Function],
      }
    }
    searchApi={
      InvenioSearchApi {
        "axiosConfig": Object {
          "url": "https://localhost:5000/api/literature/",
          "withCredentials": true,
        },
        "http": [Function],
        "requestInterceptor": undefined,
        "requestSerializer": InvenioRequestSerializer {
          "_addFilter": [Function],
          "_addFilters": [Function],
          "serialize": [Function],
        },
        "responseInterceptor": Object {
          "reject": [Function],
        },
        "responseSerializer": InvenioResponseSerializer {
          "serialize": [Function],
        },
        "search": [Function],
      }
    }
    searchOnInit={true}
    suggestionApi={null}
    urlHandlerApi={
      Object {
        "customHandler": null,
        "enabled": true,
        "overrideConfig": Object {},
      }
    }
  >
    <Container
      className="document-details-search-container"
      fluid={true}
    >
      <Container>
        <Connect(SearchBarUncontrolled)
          renderElement={[Function]}
        />
      </Container>
    </Container>
    <Responsive
      getWidth={[Function]}
      minWidth={992}
    >
      <Container
        className="fs-search-body"
        fluid={true}
      >
        <Grid
          className="grid-documents-search"
          columns={2}
          relaxed={true}
          stackable={true}
        >
          <Connect(ResultsLoader)
            renderElement={[Function]}
          >
            <GridColumn
              className="search-aggregations"
              width={3}
            >
              <Header
                content="Filter by"
              />
              <SearchAggregationsCards
                modelName="documents"
              />
            </GridColumn>
            <GridColumn
              className="search-results"
              width={13}
            >
              <SearchEmptyResults />
              <Connect(Error)
                renderElement={[Function]}
              />
              <SearchControls
                defaultLayout="grid"
                modelName="documents"
                withLayoutSwitcher={true}
              />
              <Connect(ResultsMultiLayout)
                resultsGridCmp={[Function]}
                resultsListCmp={[Function]}
              />
              <Container
                className="search-results-footer"
                fluid={true}
              >
                <SearchFooter />
                <Container
                  className="search-results-message"
                >
                  <SearchMessage />
                </Container>
              </Container>
            </GridColumn>
          </Connect(ResultsLoader)>
        </Grid>
      </Container>
    </Responsive>
    <Responsive
      getWidth={[Function]}
      maxWidth={991}
    >
      <DocumentsSearchMobile />
    </Responsive>
  </ReactSearchKit>
</Fragment>
`;
