// Jest Snapshot v1, https://goo.gl/fbAQLP

exports[`DocumentsCard tests should load the details component 1`] = `
<Loader>
  <Error>
    <DataCard
      data={0}
    />
  </Error>
</Loader>
`;

exports[`DocumentsCard tests should render stats with 2 records 1`] = `
<DocumentsCard
  data={2}
  fetchRequestedWithAvailableItems={
    [MockFunction] {
      "calls": Array [
        Array [],
      ],
      "results": Array [
        Object {
          "type": "return",
          "value": undefined,
        },
      ],
    }
  }
>
  <Loader>
    <Error>
      <DataCard
        data={2}
      >
        <RecordsBriefCard
          buttonLeft={
            <NewButton
              disabled={true}
              fluid={true}
              text="New"
              to="/backoffice/documents/create"
            />
          }
          buttonRight={
            <SeeAllButton
              disabled={true}
              fluid={true}
              to="/backoffice/documents?q=circulation.has_items_for_loan:>0 AND circulation.pending_loans:>0"
            />
          }
          stats={2}
          text="requested on shelf"
          title="Documents"
        >
          <Segment
            className="brief-card"
            raised={true}
          >
            <div
              className="ui raised segment brief-card"
            >
              <Header
                as="h3"
                textAlign="right"
              >
                <h3
                  className="ui right aligned header"
                >
                  Documents
                </h3>
              </Header>
              <p>
                 
                <span
                  data-test={2}
                >
                  2
                </span>
                 
                requested on shelf
              </p>
              <Grid>
                <div
                  className="ui grid"
                >
                  <GridRow>
                    <div
                      className="row"
                    >
                      <GridColumn
                        width={8}
                      >
                        <div
                          className="eight wide column"
                        >
                          <NewButton
                            disabled={true}
                            fluid={true}
                            text="New"
                            to="/backoffice/documents/create"
                          >
                            <Button
                              as={
                                Object {
                                  "$$typeof": Symbol(react.forward_ref),
                                  "displayName": "Link",
                                  "propTypes": Object {
                                    "innerRef": [MockFunction] {
                                      "calls": Array [
                                        Array [
                                          Object {
                                            "aria-pressed": undefined,
                                            "children": Array [
                                              Array [
                                                <Icon
                                                  as="i"
                                                  name="plus"
                                                />,
                                                "New",
                                              ],
                                              false,
                                              false,
                                            ],
                                            "className": "ui small fluid icon positive disabled left labeled button",
                                            "disabled": undefined,
                                            "onClick": [Function],
                                            "role": "button",
                                            "tabIndex": -1,
                                            "text": "New",
                                            "to": "/backoffice/documents/create",
                                          },
                                          "innerRef",
                                          "Link",
                                          "prop",
                                          null,
                                          "SECRET_DO_NOT_PASS_THIS_OR_YOU_WILL_BE_FIRED",
                                        ],
                                        Array [
                                          Object {
                                            "aria-pressed": undefined,
                                            "children": Array [
                                              Array [
                                                <Icon
                                                  as="i"
                                                  name="plus"
                                                />,
                                                "New",
                                              ],
                                              false,
                                              false,
                                            ],
                                            "className": "ui small fluid icon positive disabled left labeled button",
                                            "disabled": undefined,
                                            "onClick": [Function],
                                            "role": "button",
                                            "tabIndex": -1,
                                            "text": "New",
                                            "to": "/backoffice/documents/create",
                                          },
                                          "innerRef",
                                          "Link",
                                          "prop",
                                          null,
                                          "SECRET_DO_NOT_PASS_THIS_OR_YOU_WILL_BE_FIRED",
                                        ],
                                        Array [
                                          Object {
                                            "aria-pressed": undefined,
                                            "children": Array [
                                              "See all",
                                              false,
                                              false,
                                            ],
                                            "className": "ui tiny fluid disabled button",
                                            "disabled": undefined,
                                            "onClick": [Function],
                                            "role": "button",
                                            "tabIndex": -1,
                                            "to": "/backoffice/documents?q=circulation.has_items_for_loan:>0 AND circulation.pending_loans:>0",
                                          },
                                          "innerRef",
                                          "Link",
                                          "prop",
                                          null,
                                          "SECRET_DO_NOT_PASS_THIS_OR_YOU_WILL_BE_FIRED",
                                        ],
                                        Array [
                                          Object {
                                            "aria-pressed": undefined,
                                            "children": Array [
                                              "See all",
                                              false,
                                              false,
                                            ],
                                            "className": "ui tiny fluid disabled button",
                                            "disabled": undefined,
                                            "onClick": [Function],
                                            "role": "button",
                                            "tabIndex": -1,
                                            "to": "/backoffice/documents?q=circulation.has_items_for_loan:>0 AND circulation.pending_loans:>0",
                                          },
                                          "innerRef",
                                          "Link",
                                          "prop",
                                          null,
                                          "SECRET_DO_NOT_PASS_THIS_OR_YOU_WILL_BE_FIRED",
                                        ],
                                      ],
                                      "results": Array [
                                        Object {
                                          "type": "return",
                                          "value": undefined,
                                        },
                                        Object {
                                          "type": "return",
                                          "value": undefined,
                                        },
                                        Object {
                                          "type": "return",
                                          "value": undefined,
                                        },
                                        Object {
                                          "type": "return",
                                          "value": undefined,
                                        },
                                      ],
                                    },
                                    "onClick": [MockFunction] {
                                      "calls": Array [
                                        Array [
                                          Object {
                                            "aria-pressed": undefined,
                                            "children": Array [
                                              Array [
                                                <Icon
                                                  as="i"
                                                  name="plus"
                                                />,
                                                "New",
                                              ],
                                              false,
                                              false,
                                            ],
                                            "className": "ui small fluid icon positive disabled left labeled button",
                                            "disabled": undefined,
                                            "onClick": [Function],
                                            "role": "button",
                                            "tabIndex": -1,
                                            "text": "New",
                                            "to": "/backoffice/documents/create",
                                          },
                                          "onClick",
                                          "Link",
                                          "prop",
                                          null,
                                          "SECRET_DO_NOT_PASS_THIS_OR_YOU_WILL_BE_FIRED",
                                        ],
                                        Array [
                                          Object {
                                            "aria-pressed": undefined,
                                            "children": Array [
                                              Array [
                                                <Icon
                                                  as="i"
                                                  name="plus"
                                                />,
                                                "New",
                                              ],
                                              false,
                                              false,
                                            ],
                                            "className": "ui small fluid icon positive disabled left labeled button",
                                            "disabled": undefined,
                                            "onClick": [Function],
                                            "role": "button",
                                            "tabIndex": -1,
                                            "text": "New",
                                            "to": "/backoffice/documents/create",
                                          },
                                          "onClick",
                                          "Link",
                                          "prop",
                                          null,
                                          "SECRET_DO_NOT_PASS_THIS_OR_YOU_WILL_BE_FIRED",
                                        ],
                                        Array [
                                          Object {
                                            "aria-pressed": undefined,
                                            "children": Array [
                                              "See all",
                                              false,
                                              false,
                                            ],
                                            "className": "ui tiny fluid disabled button",
                                            "disabled": undefined,
                                            "onClick": [Function],
                                            "role": "button",
                                            "tabIndex": -1,
                                            "to": "/backoffice/documents?q=circulation.has_items_for_loan:>0 AND circulation.pending_loans:>0",
                                          },
                                          "onClick",
                                          "Link",
                                          "prop",
                                          null,
                                          "SECRET_DO_NOT_PASS_THIS_OR_YOU_WILL_BE_FIRED",
                                        ],
                                        Array [
                                          Object {
                                            "aria-pressed": undefined,
                                            "children": Array [
                                              "See all",
                                              false,
                                              false,
                                            ],
                                            "className": "ui tiny fluid disabled button",
                                            "disabled": undefined,
                                            "onClick": [Function],
                                            "role": "button",
                                            "tabIndex": -1,
                                            "to": "/backoffice/documents?q=circulation.has_items_for_loan:>0 AND circulation.pending_loans:>0",
                                          },
                                          "onClick",
                                          "Link",
                                          "prop",
                                          null,
                                          "SECRET_DO_NOT_PASS_THIS_OR_YOU_WILL_BE_FIRED",
                                        ],
                                      ],
                                      "results": Array [
                                        Object {
                                          "type": "return",
                                          "value": undefined,
                                        },
                                        Object {
                                          "type": "return",
                                          "value": undefined,
                                        },
                                        Object {
                                          "type": "return",
                                          "value": undefined,
                                        },
                                        Object {
                                          "type": "return",
                                          "value": undefined,
                                        },
                                      ],
                                    },
                                    "replace": [MockFunction] {
                                      "calls": Array [
                                        Array [
                                          Object {
                                            "aria-pressed": undefined,
                                            "children": Array [
                                              Array [
                                                <Icon
                                                  as="i"
                                                  name="plus"
                                                />,
                                                "New",
                                              ],
                                              false,
                                              false,
                                            ],
                                            "className": "ui small fluid icon positive disabled left labeled button",
                                            "disabled": undefined,
                                            "onClick": [Function],
                                            "role": "button",
                                            "tabIndex": -1,
                                            "text": "New",
                                            "to": "/backoffice/documents/create",
                                          },
                                          "replace",
                                          "Link",
                                          "prop",
                                          null,
                                          "SECRET_DO_NOT_PASS_THIS_OR_YOU_WILL_BE_FIRED",
                                        ],
                                        Array [
                                          Object {
                                            "aria-pressed": undefined,
                                            "children": Array [
                                              Array [
                                                <Icon
                                                  as="i"
                                                  name="plus"
                                                />,
                                                "New",
                                              ],
                                              false,
                                              false,
                                            ],
                                            "className": "ui small fluid icon positive disabled left labeled button",
                                            "disabled": undefined,
                                            "onClick": [Function],
                                            "role": "button",
                                            "tabIndex": -1,
                                            "text": "New",
                                            "to": "/backoffice/documents/create",
                                          },
                                          "replace",
                                          "Link",
                                          "prop",
                                          null,
                                          "SECRET_DO_NOT_PASS_THIS_OR_YOU_WILL_BE_FIRED",
                                        ],
                                        Array [
                                          Object {
                                            "aria-pressed": undefined,
                                            "children": Array [
                                              "See all",
                                              false,
                                              false,
                                            ],
                                            "className": "ui tiny fluid disabled button",
                                            "disabled": undefined,
                                            "onClick": [Function],
                                            "role": "button",
                                            "tabIndex": -1,
                                            "to": "/backoffice/documents?q=circulation.has_items_for_loan:>0 AND circulation.pending_loans:>0",
                                          },
                                          "replace",
                                          "Link",
                                          "prop",
                                          null,
                                          "SECRET_DO_NOT_PASS_THIS_OR_YOU_WILL_BE_FIRED",
                                        ],
                                        Array [
                                          Object {
                                            "aria-pressed": undefined,
                                            "children": Array [
                                              "See all",
                                              false,
                                              false,
                                            ],
                                            "className": "ui tiny fluid disabled button",
                                            "disabled": undefined,
                                            "onClick": [Function],
                                            "role": "button",
                                            "tabIndex": -1,
                                            "to": "/backoffice/documents?q=circulation.has_items_for_loan:>0 AND circulation.pending_loans:>0",
                                          },
                                          "replace",
                                          "Link",
                                          "prop",
                                          null,
                                          "SECRET_DO_NOT_PASS_THIS_OR_YOU_WILL_BE_FIRED",
                                        ],
                                      ],
                                      "results": Array [
                                        Object {
                                          "type": "return",
                                          "value": undefined,
                                        },
                                        Object {
                                          "type": "return",
                                          "value": undefined,
                                        },
                                        Object {
                                          "type": "return",
                                          "value": undefined,
                                        },
                                        Object {
                                          "type": "return",
                                          "value": undefined,
                                        },
                                      ],
                                    },
                                    "target": [MockFunction] {
                                      "calls": Array [
                                        Array [
                                          Object {
                                            "aria-pressed": undefined,
                                            "children": Array [
                                              Array [
                                                <Icon
                                                  as="i"
                                                  name="plus"
                                                />,
                                                "New",
                                              ],
                                              false,
                                              false,
                                            ],
                                            "className": "ui small fluid icon positive disabled left labeled button",
                                            "disabled": undefined,
                                            "onClick": [Function],
                                            "role": "button",
                                            "tabIndex": -1,
                                            "text": "New",
                                            "to": "/backoffice/documents/create",
                                          },
                                          "target",
                                          "Link",
                                          "prop",
                                          null,
                                          "SECRET_DO_NOT_PASS_THIS_OR_YOU_WILL_BE_FIRED",
                                        ],
                                        Array [
                                          Object {
                                            "aria-pressed": undefined,
                                            "children": Array [
                                              Array [
                                                <Icon
                                                  as="i"
                                                  name="plus"
                                                />,
                                                "New",
                                              ],
                                              false,
                                              false,
                                            ],
                                            "className": "ui small fluid icon positive disabled left labeled button",
                                            "disabled": undefined,
                                            "onClick": [Function],
                                            "role": "button",
                                            "tabIndex": -1,
                                            "text": "New",
                                            "to": "/backoffice/documents/create",
                                          },
                                          "target",
                                          "Link",
                                          "prop",
                                          null,
                                          "SECRET_DO_NOT_PASS_THIS_OR_YOU_WILL_BE_FIRED",
                                        ],
                                        Array [
                                          Object {
                                            "aria-pressed": undefined,
                                            "children": Array [
                                              "See all",
                                              false,
                                              false,
                                            ],
                                            "className": "ui tiny fluid disabled button",
                                            "disabled": undefined,
                                            "onClick": [Function],
                                            "role": "button",
                                            "tabIndex": -1,
                                            "to": "/backoffice/documents?q=circulation.has_items_for_loan:>0 AND circulation.pending_loans:>0",
                                          },
                                          "target",
                                          "Link",
                                          "prop",
                                          null,
                                          "SECRET_DO_NOT_PASS_THIS_OR_YOU_WILL_BE_FIRED",
                                        ],
                                        Array [
                                          Object {
                                            "aria-pressed": undefined,
                                            "children": Array [
                                              "See all",
                                              false,
                                              false,
                                            ],
                                            "className": "ui tiny fluid disabled button",
                                            "disabled": undefined,
                                            "onClick": [Function],
                                            "role": "button",
                                            "tabIndex": -1,
                                            "to": "/backoffice/documents?q=circulation.has_items_for_loan:>0 AND circulation.pending_loans:>0",
                                          },
                                          "target",
                                          "Link",
                                          "prop",
                                          null,
                                          "SECRET_DO_NOT_PASS_THIS_OR_YOU_WILL_BE_FIRED",
                                        ],
                                      ],
                                      "results": Array [
                                        Object {
                                          "type": "return",
                                          "value": undefined,
                                        },
                                        Object {
                                          "type": "return",
                                          "value": undefined,
                                        },
                                        Object {
                                          "type": "return",
                                          "value": undefined,
                                        },
                                        Object {
                                          "type": "return",
                                          "value": undefined,
                                        },
                                      ],
                                    },
                                    "to": [MockFunction] {
                                      "calls": Array [
                                        Array [
                                          Object {
                                            "aria-pressed": undefined,
                                            "children": Array [
                                              Array [
                                                <Icon
                                                  as="i"
                                                  name="plus"
                                                />,
                                                "New",
                                              ],
                                              false,
                                              false,
                                            ],
                                            "className": "ui small fluid icon positive disabled left labeled button",
                                            "disabled": undefined,
                                            "onClick": [Function],
                                            "role": "button",
                                            "tabIndex": -1,
                                            "text": "New",
                                            "to": "/backoffice/documents/create",
                                          },
                                          "to",
                                          "Link",
                                          "prop",
                                          null,
                                          "SECRET_DO_NOT_PASS_THIS_OR_YOU_WILL_BE_FIRED",
                                        ],
                                        Array [
                                          Object {
                                            "aria-pressed": undefined,
                                            "children": Array [
                                              Array [
                                                <Icon
                                                  as="i"
                                                  name="plus"
                                                />,
                                                "New",
                                              ],
                                              false,
                                              false,
                                            ],
                                            "className": "ui small fluid icon positive disabled left labeled button",
                                            "disabled": undefined,
                                            "onClick": [Function],
                                            "role": "button",
                                            "tabIndex": -1,
                                            "text": "New",
                                            "to": "/backoffice/documents/create",
                                          },
                                          "to",
                                          "Link",
                                          "prop",
                                          null,
                                          "SECRET_DO_NOT_PASS_THIS_OR_YOU_WILL_BE_FIRED",
                                        ],
                                        Array [
                                          Object {
                                            "aria-pressed": undefined,
                                            "children": Array [
                                              "See all",
                                              false,
                                              false,
                                            ],
                                            "className": "ui tiny fluid disabled button",
                                            "disabled": undefined,
                                            "onClick": [Function],
                                            "role": "button",
                                            "tabIndex": -1,
                                            "to": "/backoffice/documents?q=circulation.has_items_for_loan:>0 AND circulation.pending_loans:>0",
                                          },
                                          "to",
                                          "Link",
                                          "prop",
                                          null,
                                          "SECRET_DO_NOT_PASS_THIS_OR_YOU_WILL_BE_FIRED",
                                        ],
                                        Array [
                                          Object {
                                            "aria-pressed": undefined,
                                            "children": Array [
                                              "See all",
                                              false,
                                              false,
                                            ],
                                            "className": "ui tiny fluid disabled button",
                                            "disabled": undefined,
                                            "onClick": [Function],
                                            "role": "button",
                                            "tabIndex": -1,
                                            "to": "/backoffice/documents?q=circulation.has_items_for_loan:>0 AND circulation.pending_loans:>0",
                                          },
                                          "to",
                                          "Link",
                                          "prop",
                                          null,
                                          "SECRET_DO_NOT_PASS_THIS_OR_YOU_WILL_BE_FIRED",
                                        ],
                                      ],
                                      "results": Array [
                                        Object {
                                          "type": "return",
                                          "value": undefined,
                                        },
                                        Object {
                                          "type": "return",
                                          "value": undefined,
                                        },
                                        Object {
                                          "type": "return",
                                          "value": undefined,
                                        },
                                        Object {
                                          "type": "return",
                                          "value": undefined,
                                        },
                                      ],
                                    },
                                  },
                                  "render": [MockFunction] {
                                    "calls": Array [
                                      Array [
                                        Object {
                                          "aria-pressed": undefined,
                                          "children": Array [
                                            Array [
                                              <Icon
                                                as="i"
                                                name="plus"
                                              />,
                                              "New",
                                            ],
                                            false,
                                            false,
                                          ],
                                          "className": "ui small fluid icon positive disabled left labeled button",
                                          "disabled": undefined,
                                          "onClick": [Function],
                                          "role": "button",
                                          "tabIndex": -1,
                                          "text": "New",
                                          "to": "/backoffice/documents/create",
                                        },
                                        [Function],
                                      ],
                                      Array [
                                        Object {
                                          "aria-pressed": undefined,
                                          "children": Array [
                                            "See all",
                                            false,
                                            false,
                                          ],
                                          "className": "ui tiny fluid disabled button",
                                          "disabled": undefined,
                                          "onClick": [Function],
                                          "role": "button",
                                          "tabIndex": -1,
                                          "to": "/backoffice/documents?q=circulation.has_items_for_loan:>0 AND circulation.pending_loans:>0",
                                        },
                                        [Function],
                                      ],
                                    ],
                                    "results": Array [
                                      Object {
                                        "type": "return",
                                        "value": undefined,
                                      },
                                      Object {
                                        "type": "return",
                                        "value": undefined,
                                      },
                                    ],
                                  },
                                }
                              }
                              disabled={true}
                              fluid={true}
                              icon={true}
                              labelPosition="left"
                              positive={true}
                              size="small"
                              text="New"
                              to="/backoffice/documents/create"
                            >
                              <Ref
                                innerRef={
                                  Object {
                                    "current": null,
                                  }
                                }
                              >
                                <RefForward
                                  innerRef={
                                    Object {
                                      "current": null,
                                    }
                                  }
                                >
                                  <Link
                                    className="ui small fluid icon positive disabled left labeled button"
                                    onClick={[Function]}
                                    role="button"
                                    tabIndex={-1}
                                    text="New"
                                    to="/backoffice/documents/create"
                                  />
                                </RefForward>
                              </Ref>
                            </Button>
                          </NewButton>
                        </div>
                      </GridColumn>
                      <GridColumn
                        width={8}
                      >
                        <div
                          className="eight wide column"
                        >
                          <SeeAllButton
                            disabled={true}
                            fluid={true}
                            to="/backoffice/documents?q=circulation.has_items_for_loan:>0 AND circulation.pending_loans:>0"
                          >
                            <Button
                              as={
                                Object {
                                  "$$typeof": Symbol(react.forward_ref),
                                  "displayName": "Link",
                                  "propTypes": Object {
                                    "innerRef": [MockFunction] {
                                      "calls": Array [
                                        Array [
                                          Object {
                                            "aria-pressed": undefined,
                                            "children": Array [
                                              Array [
                                                <Icon
                                                  as="i"
                                                  name="plus"
                                                />,
                                                "New",
                                              ],
                                              false,
                                              false,
                                            ],
                                            "className": "ui small fluid icon positive disabled left labeled button",
                                            "disabled": undefined,
                                            "onClick": [Function],
                                            "role": "button",
                                            "tabIndex": -1,
                                            "text": "New",
                                            "to": "/backoffice/documents/create",
                                          },
                                          "innerRef",
                                          "Link",
                                          "prop",
                                          null,
                                          "SECRET_DO_NOT_PASS_THIS_OR_YOU_WILL_BE_FIRED",
                                        ],
                                        Array [
                                          Object {
                                            "aria-pressed": undefined,
                                            "children": Array [
                                              Array [
                                                <Icon
                                                  as="i"
                                                  name="plus"
                                                />,
                                                "New",
                                              ],
                                              false,
                                              false,
                                            ],
                                            "className": "ui small fluid icon positive disabled left labeled button",
                                            "disabled": undefined,
                                            "onClick": [Function],
                                            "role": "button",
                                            "tabIndex": -1,
                                            "text": "New",
                                            "to": "/backoffice/documents/create",
                                          },
                                          "innerRef",
                                          "Link",
                                          "prop",
                                          null,
                                          "SECRET_DO_NOT_PASS_THIS_OR_YOU_WILL_BE_FIRED",
                                        ],
                                        Array [
                                          Object {
                                            "aria-pressed": undefined,
                                            "children": Array [
                                              "See all",
                                              false,
                                              false,
                                            ],
                                            "className": "ui tiny fluid disabled button",
                                            "disabled": undefined,
                                            "onClick": [Function],
                                            "role": "button",
                                            "tabIndex": -1,
                                            "to": "/backoffice/documents?q=circulation.has_items_for_loan:>0 AND circulation.pending_loans:>0",
                                          },
                                          "innerRef",
                                          "Link",
                                          "prop",
                                          null,
                                          "SECRET_DO_NOT_PASS_THIS_OR_YOU_WILL_BE_FIRED",
                                        ],
                                        Array [
                                          Object {
                                            "aria-pressed": undefined,
                                            "children": Array [
                                              "See all",
                                              false,
                                              false,
                                            ],
                                            "className": "ui tiny fluid disabled button",
                                            "disabled": undefined,
                                            "onClick": [Function],
                                            "role": "button",
                                            "tabIndex": -1,
                                            "to": "/backoffice/documents?q=circulation.has_items_for_loan:>0 AND circulation.pending_loans:>0",
                                          },
                                          "innerRef",
                                          "Link",
                                          "prop",
                                          null,
                                          "SECRET_DO_NOT_PASS_THIS_OR_YOU_WILL_BE_FIRED",
                                        ],
                                      ],
                                      "results": Array [
                                        Object {
                                          "type": "return",
                                          "value": undefined,
                                        },
                                        Object {
                                          "type": "return",
                                          "value": undefined,
                                        },
                                        Object {
                                          "type": "return",
                                          "value": undefined,
                                        },
                                        Object {
                                          "type": "return",
                                          "value": undefined,
                                        },
                                      ],
                                    },
                                    "onClick": [MockFunction] {
                                      "calls": Array [
                                        Array [
                                          Object {
                                            "aria-pressed": undefined,
                                            "children": Array [
                                              Array [
                                                <Icon
                                                  as="i"
                                                  name="plus"
                                                />,
                                                "New",
                                              ],
                                              false,
                                              false,
                                            ],
                                            "className": "ui small fluid icon positive disabled left labeled button",
                                            "disabled": undefined,
                                            "onClick": [Function],
                                            "role": "button",
                                            "tabIndex": -1,
                                            "text": "New",
                                            "to": "/backoffice/documents/create",
                                          },
                                          "onClick",
                                          "Link",
                                          "prop",
                                          null,
                                          "SECRET_DO_NOT_PASS_THIS_OR_YOU_WILL_BE_FIRED",
                                        ],
                                        Array [
                                          Object {
                                            "aria-pressed": undefined,
                                            "children": Array [
                                              Array [
                                                <Icon
                                                  as="i"
                                                  name="plus"
                                                />,
                                                "New",
                                              ],
                                              false,
                                              false,
                                            ],
                                            "className": "ui small fluid icon positive disabled left labeled button",
                                            "disabled": undefined,
                                            "onClick": [Function],
                                            "role": "button",
                                            "tabIndex": -1,
                                            "text": "New",
                                            "to": "/backoffice/documents/create",
                                          },
                                          "onClick",
                                          "Link",
                                          "prop",
                                          null,
                                          "SECRET_DO_NOT_PASS_THIS_OR_YOU_WILL_BE_FIRED",
                                        ],
                                        Array [
                                          Object {
                                            "aria-pressed": undefined,
                                            "children": Array [
                                              "See all",
                                              false,
                                              false,
                                            ],
                                            "className": "ui tiny fluid disabled button",
                                            "disabled": undefined,
                                            "onClick": [Function],
                                            "role": "button",
                                            "tabIndex": -1,
                                            "to": "/backoffice/documents?q=circulation.has_items_for_loan:>0 AND circulation.pending_loans:>0",
                                          },
                                          "onClick",
                                          "Link",
                                          "prop",
                                          null,
                                          "SECRET_DO_NOT_PASS_THIS_OR_YOU_WILL_BE_FIRED",
                                        ],
                                        Array [
                                          Object {
                                            "aria-pressed": undefined,
                                            "children": Array [
                                              "See all",
                                              false,
                                              false,
                                            ],
                                            "className": "ui tiny fluid disabled button",
                                            "disabled": undefined,
                                            "onClick": [Function],
                                            "role": "button",
                                            "tabIndex": -1,
                                            "to": "/backoffice/documents?q=circulation.has_items_for_loan:>0 AND circulation.pending_loans:>0",
                                          },
                                          "onClick",
                                          "Link",
                                          "prop",
                                          null,
                                          "SECRET_DO_NOT_PASS_THIS_OR_YOU_WILL_BE_FIRED",
                                        ],
                                      ],
                                      "results": Array [
                                        Object {
                                          "type": "return",
                                          "value": undefined,
                                        },
                                        Object {
                                          "type": "return",
                                          "value": undefined,
                                        },
                                        Object {
                                          "type": "return",
                                          "value": undefined,
                                        },
                                        Object {
                                          "type": "return",
                                          "value": undefined,
                                        },
                                      ],
                                    },
                                    "replace": [MockFunction] {
                                      "calls": Array [
                                        Array [
                                          Object {
                                            "aria-pressed": undefined,
                                            "children": Array [
                                              Array [
                                                <Icon
                                                  as="i"
                                                  name="plus"
                                                />,
                                                "New",
                                              ],
                                              false,
                                              false,
                                            ],
                                            "className": "ui small fluid icon positive disabled left labeled button",
                                            "disabled": undefined,
                                            "onClick": [Function],
                                            "role": "button",
                                            "tabIndex": -1,
                                            "text": "New",
                                            "to": "/backoffice/documents/create",
                                          },
                                          "replace",
                                          "Link",
                                          "prop",
                                          null,
                                          "SECRET_DO_NOT_PASS_THIS_OR_YOU_WILL_BE_FIRED",
                                        ],
                                        Array [
                                          Object {
                                            "aria-pressed": undefined,
                                            "children": Array [
                                              Array [
                                                <Icon
                                                  as="i"
                                                  name="plus"
                                                />,
                                                "New",
                                              ],
                                              false,
                                              false,
                                            ],
                                            "className": "ui small fluid icon positive disabled left labeled button",
                                            "disabled": undefined,
                                            "onClick": [Function],
                                            "role": "button",
                                            "tabIndex": -1,
                                            "text": "New",
                                            "to": "/backoffice/documents/create",
                                          },
                                          "replace",
                                          "Link",
                                          "prop",
                                          null,
                                          "SECRET_DO_NOT_PASS_THIS_OR_YOU_WILL_BE_FIRED",
                                        ],
                                        Array [
                                          Object {
                                            "aria-pressed": undefined,
                                            "children": Array [
                                              "See all",
                                              false,
                                              false,
                                            ],
                                            "className": "ui tiny fluid disabled button",
                                            "disabled": undefined,
                                            "onClick": [Function],
                                            "role": "button",
                                            "tabIndex": -1,
                                            "to": "/backoffice/documents?q=circulation.has_items_for_loan:>0 AND circulation.pending_loans:>0",
                                          },
                                          "replace",
                                          "Link",
                                          "prop",
                                          null,
                                          "SECRET_DO_NOT_PASS_THIS_OR_YOU_WILL_BE_FIRED",
                                        ],
                                        Array [
                                          Object {
                                            "aria-pressed": undefined,
                                            "children": Array [
                                              "See all",
                                              false,
                                              false,
                                            ],
                                            "className": "ui tiny fluid disabled button",
                                            "disabled": undefined,
                                            "onClick": [Function],
                                            "role": "button",
                                            "tabIndex": -1,
                                            "to": "/backoffice/documents?q=circulation.has_items_for_loan:>0 AND circulation.pending_loans:>0",
                                          },
                                          "replace",
                                          "Link",
                                          "prop",
                                          null,
                                          "SECRET_DO_NOT_PASS_THIS_OR_YOU_WILL_BE_FIRED",
                                        ],
                                      ],
                                      "results": Array [
                                        Object {
                                          "type": "return",
                                          "value": undefined,
                                        },
                                        Object {
                                          "type": "return",
                                          "value": undefined,
                                        },
                                        Object {
                                          "type": "return",
                                          "value": undefined,
                                        },
                                        Object {
                                          "type": "return",
                                          "value": undefined,
                                        },
                                      ],
                                    },
                                    "target": [MockFunction] {
                                      "calls": Array [
                                        Array [
                                          Object {
                                            "aria-pressed": undefined,
                                            "children": Array [
                                              Array [
                                                <Icon
                                                  as="i"
                                                  name="plus"
                                                />,
                                                "New",
                                              ],
                                              false,
                                              false,
                                            ],
                                            "className": "ui small fluid icon positive disabled left labeled button",
                                            "disabled": undefined,
                                            "onClick": [Function],
                                            "role": "button",
                                            "tabIndex": -1,
                                            "text": "New",
                                            "to": "/backoffice/documents/create",
                                          },
                                          "target",
                                          "Link",
                                          "prop",
                                          null,
                                          "SECRET_DO_NOT_PASS_THIS_OR_YOU_WILL_BE_FIRED",
                                        ],
                                        Array [
                                          Object {
                                            "aria-pressed": undefined,
                                            "children": Array [
                                              Array [
                                                <Icon
                                                  as="i"
                                                  name="plus"
                                                />,
                                                "New",
                                              ],
                                              false,
                                              false,
                                            ],
                                            "className": "ui small fluid icon positive disabled left labeled button",
                                            "disabled": undefined,
                                            "onClick": [Function],
                                            "role": "button",
                                            "tabIndex": -1,
                                            "text": "New",
                                            "to": "/backoffice/documents/create",
                                          },
                                          "target",
                                          "Link",
                                          "prop",
                                          null,
                                          "SECRET_DO_NOT_PASS_THIS_OR_YOU_WILL_BE_FIRED",
                                        ],
                                        Array [
                                          Object {
                                            "aria-pressed": undefined,
                                            "children": Array [
                                              "See all",
                                              false,
                                              false,
                                            ],
                                            "className": "ui tiny fluid disabled button",
                                            "disabled": undefined,
                                            "onClick": [Function],
                                            "role": "button",
                                            "tabIndex": -1,
                                            "to": "/backoffice/documents?q=circulation.has_items_for_loan:>0 AND circulation.pending_loans:>0",
                                          },
                                          "target",
                                          "Link",
                                          "prop",
                                          null,
                                          "SECRET_DO_NOT_PASS_THIS_OR_YOU_WILL_BE_FIRED",
                                        ],
                                        Array [
                                          Object {
                                            "aria-pressed": undefined,
                                            "children": Array [
                                              "See all",
                                              false,
                                              false,
                                            ],
                                            "className": "ui tiny fluid disabled button",
                                            "disabled": undefined,
                                            "onClick": [Function],
                                            "role": "button",
                                            "tabIndex": -1,
                                            "to": "/backoffice/documents?q=circulation.has_items_for_loan:>0 AND circulation.pending_loans:>0",
                                          },
                                          "target",
                                          "Link",
                                          "prop",
                                          null,
                                          "SECRET_DO_NOT_PASS_THIS_OR_YOU_WILL_BE_FIRED",
                                        ],
                                      ],
                                      "results": Array [
                                        Object {
                                          "type": "return",
                                          "value": undefined,
                                        },
                                        Object {
                                          "type": "return",
                                          "value": undefined,
                                        },
                                        Object {
                                          "type": "return",
                                          "value": undefined,
                                        },
                                        Object {
                                          "type": "return",
                                          "value": undefined,
                                        },
                                      ],
                                    },
                                    "to": [MockFunction] {
                                      "calls": Array [
                                        Array [
                                          Object {
                                            "aria-pressed": undefined,
                                            "children": Array [
                                              Array [
                                                <Icon
                                                  as="i"
                                                  name="plus"
                                                />,
                                                "New",
                                              ],
                                              false,
                                              false,
                                            ],
                                            "className": "ui small fluid icon positive disabled left labeled button",
                                            "disabled": undefined,
                                            "onClick": [Function],
                                            "role": "button",
                                            "tabIndex": -1,
                                            "text": "New",
                                            "to": "/backoffice/documents/create",
                                          },
                                          "to",
                                          "Link",
                                          "prop",
                                          null,
                                          "SECRET_DO_NOT_PASS_THIS_OR_YOU_WILL_BE_FIRED",
                                        ],
                                        Array [
                                          Object {
                                            "aria-pressed": undefined,
                                            "children": Array [
                                              Array [
                                                <Icon
                                                  as="i"
                                                  name="plus"
                                                />,
                                                "New",
                                              ],
                                              false,
                                              false,
                                            ],
                                            "className": "ui small fluid icon positive disabled left labeled button",
                                            "disabled": undefined,
                                            "onClick": [Function],
                                            "role": "button",
                                            "tabIndex": -1,
                                            "text": "New",
                                            "to": "/backoffice/documents/create",
                                          },
                                          "to",
                                          "Link",
                                          "prop",
                                          null,
                                          "SECRET_DO_NOT_PASS_THIS_OR_YOU_WILL_BE_FIRED",
                                        ],
                                        Array [
                                          Object {
                                            "aria-pressed": undefined,
                                            "children": Array [
                                              "See all",
                                              false,
                                              false,
                                            ],
                                            "className": "ui tiny fluid disabled button",
                                            "disabled": undefined,
                                            "onClick": [Function],
                                            "role": "button",
                                            "tabIndex": -1,
                                            "to": "/backoffice/documents?q=circulation.has_items_for_loan:>0 AND circulation.pending_loans:>0",
                                          },
                                          "to",
                                          "Link",
                                          "prop",
                                          null,
                                          "SECRET_DO_NOT_PASS_THIS_OR_YOU_WILL_BE_FIRED",
                                        ],
                                        Array [
                                          Object {
                                            "aria-pressed": undefined,
                                            "children": Array [
                                              "See all",
                                              false,
                                              false,
                                            ],
                                            "className": "ui tiny fluid disabled button",
                                            "disabled": undefined,
                                            "onClick": [Function],
                                            "role": "button",
                                            "tabIndex": -1,
                                            "to": "/backoffice/documents?q=circulation.has_items_for_loan:>0 AND circulation.pending_loans:>0",
                                          },
                                          "to",
                                          "Link",
                                          "prop",
                                          null,
                                          "SECRET_DO_NOT_PASS_THIS_OR_YOU_WILL_BE_FIRED",
                                        ],
                                      ],
                                      "results": Array [
                                        Object {
                                          "type": "return",
                                          "value": undefined,
                                        },
                                        Object {
                                          "type": "return",
                                          "value": undefined,
                                        },
                                        Object {
                                          "type": "return",
                                          "value": undefined,
                                        },
                                        Object {
                                          "type": "return",
                                          "value": undefined,
                                        },
                                      ],
                                    },
                                  },
                                  "render": [MockFunction] {
                                    "calls": Array [
                                      Array [
                                        Object {
                                          "aria-pressed": undefined,
                                          "children": Array [
                                            Array [
                                              <Icon
                                                as="i"
                                                name="plus"
                                              />,
                                              "New",
                                            ],
                                            false,
                                            false,
                                          ],
                                          "className": "ui small fluid icon positive disabled left labeled button",
                                          "disabled": undefined,
                                          "onClick": [Function],
                                          "role": "button",
                                          "tabIndex": -1,
                                          "text": "New",
                                          "to": "/backoffice/documents/create",
                                        },
                                        [Function],
                                      ],
                                      Array [
                                        Object {
                                          "aria-pressed": undefined,
                                          "children": Array [
                                            "See all",
                                            false,
                                            false,
                                          ],
                                          "className": "ui tiny fluid disabled button",
                                          "disabled": undefined,
                                          "onClick": [Function],
                                          "role": "button",
                                          "tabIndex": -1,
                                          "to": "/backoffice/documents?q=circulation.has_items_for_loan:>0 AND circulation.pending_loans:>0",
                                        },
                                        [Function],
                                      ],
                                    ],
                                    "results": Array [
                                      Object {
                                        "type": "return",
                                        "value": undefined,
                                      },
                                      Object {
                                        "type": "return",
                                        "value": undefined,
                                      },
                                    ],
                                  },
                                }
                              }
                              disabled={true}
                              fluid={true}
                              size="tiny"
                              to="/backoffice/documents?q=circulation.has_items_for_loan:>0 AND circulation.pending_loans:>0"
                            >
                              <Ref
                                innerRef={
                                  Object {
                                    "current": null,
                                  }
                                }
                              >
                                <RefForward
                                  innerRef={
                                    Object {
                                      "current": null,
                                    }
                                  }
                                >
                                  <Link
                                    className="ui tiny fluid disabled button"
                                    onClick={[Function]}
                                    role="button"
                                    tabIndex={-1}
                                    to="/backoffice/documents?q=circulation.has_items_for_loan:>0 AND circulation.pending_loans:>0"
                                  />
                                </RefForward>
                              </Ref>
                            </Button>
                          </SeeAllButton>
                        </div>
                      </GridColumn>
                    </div>
                  </GridRow>
                </div>
              </Grid>
            </div>
          </Segment>
        </RecordsBriefCard>
      </DataCard>
    </Error>
  </Loader>
</DocumentsCard>
`;
