// Jest Snapshot v1, https://goo.gl/fbAQLP

exports[`SeriesDetails tests should load the details component 1`] = `
<div>
  <Container
    fluid={true}
  >
    <Loader
      isLoading={false}
    >
      <Error>
        <Sticky
          active={true}
          bottomOffset={0}
          className="solid-background"
          context={
            Object {
              "current": null,
            }
          }
          offset={0}
          scrollContext={[Window]}
        >
          <Container
            className="spaced"
            fluid={true}
          >
            <SeriesHeader />
          </Container>
          <Divider />
        </Sticky>
        <Container
          fluid={true}
        >
          <Ref
            innerRef={
              Object {
                "current": null,
              }
            }
          >
            <Grid
              columns={2}
            >
              <GridColumn
                width={13}
              >
                <Container
                  className="spaced"
                >
                  <div
                    id="metadata"
                  >
                    <SeriesMetadataTabs />
                  </div>
                  <Accordion
                    className="highlighted"
                    defaultActiveIndex={
                      Array [
                        0,
                        1,
                        2,
                      ]
                    }
                    exclusive={false}
                    fluid={true}
                    panels={
                      Array [
                        Object {
                          "content": <AccordionContent>
                            <div
                              id="series-documents"
                            >
                              <SeriesDocuments />
                            </div>
                          </AccordionContent>,
                          "key": "series-documents",
                          "title": <AccordionTitle>
                            <Icon
                              as="i"
                              name="dropdown"
                            />
                            Documents in this series
                            
                            <Popup
                              content="You can add/remove documents to this series by using the series panel in the document details"
                              disabled={false}
                              eventsEnabled={true}
                              offset={0}
                              on={
                                Array [
                                  "click",
                                  "hover",
                                ]
                              }
                              pinned={false}
                              position="top right"
                              trigger={
                                <Icon
                                  as="i"
                                  name="help circle"
                                  style={
                                    Object {
                                      "float": "right",
                                    }
                                  }
                                />
                              }
                            />
                          </AccordionTitle>,
                        },
                        Object {
                          "content": <AccordionContent>
                            <div
                              id="series-serials"
                            >
                              <Segment>
                                <RelationSerial />
                              </Segment>
                            </div>
                          </AccordionContent>,
                          "key": "series-serials",
                          "title": "Part of serials",
                        },
                        Object {
                          "content": <AccordionContent>
                            <div
                              id="series-relations"
                            >
                              <UNDEFINED />
                            </div>
                          </AccordionContent>,
                          "key": "series-relations",
                          "title": "Relations",
                        },
                      ]
                    }
                    styled={true}
                  />
                </Container>
              </GridColumn>
              <GridColumn
                width={3}
              >
                <Sticky
                  active={true}
                  bottomOffset={0}
                  context={
                    Object {
                      "current": null,
                    }
                  }
                  offset={150}
                  scrollContext={[Window]}
                >
                  <SeriesActionMenu />
                </Sticky>
              </GridColumn>
            </Grid>
          </Ref>
        </Container>
      </Error>
    </Loader>
  </Container>
</div>
`;
