// Jest Snapshot v1, https://goo.gl/fbAQLP

exports[`SeriesLiteratureSearch tests should load the SeriesLiteratureSearch component 1`] = `
<Fragment>
  <Divider
    horizontal={true}
  >
    Literature in this 
    MULTIPART_MONOGRAPH
  </Divider>
  <ReactSearchKit
    appName="RSK"
    defaultSortByOnEmptyQuery={null}
    eventListenerEnabled={false}
    history={
      Object {
        "action": "POP",
        "block": [Function],
        "createHref": [Function],
        "go": [Function],
        "goBack": [Function],
        "goForward": [Function],
        "length": 1,
        "listen": [Function],
        "location": Object {
          "hash": "",
          "pathname": "/",
          "search": "",
          "state": undefined,
        },
        "push": [Function],
        "replace": [Function],
      }
    }
    searchApi={
      InvenioSearchApi {
        "axiosConfig": Object {
          "url": "https://localhost:5000/api/literature/",
          "withCredentials": true,
        },
        "http": [Function],
        "requestInterceptor": undefined,
        "requestSerializer": LiteratureRequestSerializer {
          "_addFilter": [Function],
          "_addFilters": [Function],
          "serialize": [Function],
        },
        "responseInterceptor": undefined,
        "responseSerializer": InvenioResponseSerializer {
          "serialize": [Function],
        },
        "search": [Function],
      }
    }
    searchOnInit={true}
    suggestionApi={null}
    urlHandlerApi={
      Object {
        "enabled": false,
      }
    }
  >
    <Container
      className="series-details-search-container"
    >
      <Connect(SearchBarUncontrolled)
        renderElement={[Function]}
      />
    </Container>
    <Responsive
      getWidth={[Function]}
      minWidth={768}
    >
      <Connect(ResultsLoader)
        renderElement={[Function]}
      >
        <SearchEmptyResults />
        <Connect(Error)
          renderElement={[Function]}
        />
        <Responsive
          getWidth={[Function]}
          minWidth={992}
        >
          <SearchControls
            defaultLayout="grid"
            modelName="literature"
            withLayoutSwitcher={true}
          />
          <Connect(ResultsMultiLayout)
            resultsGridCmp={[Function]}
            resultsListCmp={[Function]}
          />
        </Responsive>
        <Responsive
          getWidth={[Function]}
          maxWidth={991}
        >
          <SearchControlsMobile
            modelName="literature"
          />
        </Responsive>
        <SearchFooter />
      </Connect(ResultsLoader)>
    </Responsive>
    <Responsive
      getWidth={[Function]}
      maxWidth={767}
    >
      <SeriesLiteratureSearchMobile
        metadata={
          Object {
            "$schema": "https://127.0.0.1:5000/schemas/series/series-v1.0.0.json",
            "abstract": "This is a multipart monograph",
            "authors": Array [
              "Einstein, Albert",
              "Stachel, John J et al.",
            ],
            "mode_of_issuance": "MULTIPART_MONOGRAPH",
            "pid": "serid-1",
            "title": "The Gulf: The Making of An American Sea",
          }
        }
      />
    </Responsive>
  </ReactSearchKit>
</Fragment>
`;
