// Jest Snapshot v1, https://goo.gl/fbAQLP

exports[`DocumentStats tests should load the component 1`] = `
<Segment
  className="document-stats"
>
  <Header
    as="h3"
  >
    Statistics 
    <small>
      for all time
    </small>
  </Header>
  <Grid
    columns={2}
    divided={true}
  >
    <GridRow
      stretched={true}
    >
      <GridColumn
        floated="left"
        width={4}
      >
        <Header
          as="h4"
          textAlign="left"
        >
          Filters
        </Header>
        <Form
          as="form"
        >
          <FormField>
            <DatePicker
              defaultValue=""
              handleDateChange={[Function]}
              initialDate=""
              maxDate=""
              minDate=""
              name="selectedDate"
              placeholder="From Date"
            />
          </FormField>
          <FormField>
            <DatePicker
              defaultValue=""
              handleDateChange={[Function]}
              initialDate=""
              maxDate=""
              minDate=""
              name="selectedDate"
              placeholder="To Date"
            />
          </FormField>
        </Form>
      </GridColumn>
      <GridColumn
        floated="right"
        textAlign="right"
        width={12}
      >
        <Loader>
          <Error>
            <Table
              as="table"
              basic="very"
              textAlign="right"
            >
              <TableHeader
                as="thead"
              >
                <TableRow
                  as="tr"
                  cellAs="td"
                >
                  <TableHeaderCell
                    as="th"
                  >
                    past loans
                  </TableHeaderCell>
                  <TableHeaderCell
                    as="th"
                  >
                    renewals
                  </TableHeaderCell>
                  <TableHeaderCell
                    as="th"
                  >
                    average
                     
                    <Popup
                      content="This average is computed with the number of past
                    loans on the selected range of dates, and the current number
                    of items (1) of the document."
                      disabled={false}
                      eventsEnabled={true}
                      offset={0}
                      on={
                        Array [
                          "click",
                          "hover",
                        ]
                      }
                      pinned={false}
                      position="top right"
                      trigger={
                        <Icon
                          as="i"
                          name="info circle"
                          size="small"
                        />
                      }
                    />
                  </TableHeaderCell>
                </TableRow>
              </TableHeader>
              <TableBody
                as="tbody"
              >
                <TableRow
                  as="tr"
                  cellAs="td"
                >
                  <TableCell
                    as="td"
                  >
                    2
                  </TableCell>
                  <TableCell
                    as="td"
                  >
                    4
                  </TableCell>
                  <TableCell
                    as="td"
                    data-test="cell-average"
                  >
                    2.0
                  </TableCell>
                </TableRow>
              </TableBody>
            </Table>
          </Error>
        </Loader>
      </GridColumn>
    </GridRow>
  </Grid>
</Segment>
`;
