// Jest Snapshot v1, https://goo.gl/fbAQLP

exports[`SeriesMultipartMonographs tests should load the SeriesMultipartMonographs component 1`] = `
<Fragment>
  <SeriesMultipartMonographsData
    fetchSeriesMultipartMonographs={[Function]}
    multipartMonographs={
      Object {
        "hits": Array [],
        "total": 0,
      }
    }
    seriesDetails={
      Object {
        "metadata": Object {
          "mode_of_issuance": "SERIAL",
          "pid": 111,
          "relations": Object {},
        },
        "pid": 111,
      }
    }
    showMaxSeries={5}
  />
</Fragment>
`;
